---------- Evolution 0 ----------
34.63005828857422
34.62224578857422
34.62224578857422
34.62224578857422
34.62224578857422
34.62224578857422
34.62224578857422
34.62224578857422
34.62224578857422
34.62224578857422
34.62224578857422
---------- Evolution 1 ----------
35.59007263183594
35.59007263183594
35.59007263183594
35.59007263183594
35.59007263183594
35.59007263183594
35.59007263183594
35.59007263183594
35.59007263183594
35.59007263183594
35.59007263183594
---------- Evolution 2 ----------
35.59031677246094
35.59031677246094
35.55113220214844
35.537513732910156
35.55113220214844
35.55113220214844
35.53749084472656
35.59031677246094
35.59031677246094
35.55113220214844
35.553192138671875
