1;2;3
456;523;458
782;861;973
755;770;753
729;783;758
761;720;783
751;813;749
869;750;794
823;726;769
847;770
730;771
 